WARNING: Attach conflict when attaching 'robotiq_2f85' to 'ur5e', policy is 'warning'
impratio: parent has 1 (default), child has 10, keeping parent value
cone: parent has 0 (default), child has 1, keeping parent value

/Users/skyler/Projects/research/Robotics/tendril-sim/prototypes.py:83: UserWarning: Attach conflict when attaching 'robotiq_2f85' to 'ur5e', policy is 'warning'
impratio: parent has 1 (default), child has 10, keeping parent value
cone: parent has 0 (default), child has 1, keeping parent value
  m = arm.compile(); d = mujoco.MjData(m); mujoco.mj_forward(m, d)
WARNING: Attach conflict when attaching 'robotiq_2f85' to 'ur5e', policy is 'warning'
impratio: parent has 1 (default), child has 10, keeping parent value
cone: parent has 0 (default), child has 1, keeping parent value

WARNING: Attach conflict when attaching 'robotiq_2f85' to 'ur5e', policy is 'warning'
impratio: parent has 1 (default), child has 10, keeping parent value
cone: parent has 0 (default), child has 1, keeping parent value

{
 "2f85": {
  "contacts": 5,
  "force_N": 372.29,
  "lift_mm": 133.1,
  "slip_mm": 16.3,
  "held": true
 }
}
